{
  "version": "1.5.0",
  "plugins_used": [
    {
      "name": "ArtifactoryDetector"
    },
    {
      "name": "AWSKeyDetector"
    },
    {
      "name": "AzureStorageKeyDetector"
    },
    {
      "name": "Base64HighEntropyString",
      "limit": 4.5
    },
    {
      "name": "BasicAuthDetector"
    },
    {
      "name": "CloudantDetector"
    },
    {
      "name": "DiscordBotTokenDetector"
    },
    {
      "name": "GitHubTokenDetector"
    },
    {
      "name": "GitLabTokenDetector"
    },
    {
      "name": "HexHighEntropyString",
      "limit": 3.0
    },
    {
      "name": "IbmCloudIamDetector"
    },
    {
      "name": "IbmCosHmacDetector"
    },
    {
      "name": "IPPublicDetector"
    },
    {
      "name": "JwtTokenDetector"
    },
    {
      "name": "KeywordDetector",
      "keyword_exclude": ""
    },
    {
      "name": "MailchimpDetector"
    },
    {
      "name": "NpmDetector"
    },
    {
      "name": "OpenAIDetector"
    },
    {
      "name": "PrivateKeyDetector"
    },
    {
      "name": "PypiTokenDetector"
    },
    {
      "name": "SendGridDetector"
    },
    {
      "name": "SlackDetector"
    },
    {
      "name": "SoftlayerDetector"
    },
    {
      "name": "SquareOAuthDetector"
    },
    {
      "name": "StripeDetector"
    },
    {
      "name": "TelegramBotTokenDetector"
    },
    {
      "name": "TwilioKeyDetector"
    }
  ],
  "filters_used": [
    {
      "path": "detect_secrets.filters.allowlist.is_line_allowlisted"
    },
    {
      "path": "detect_secrets.filters.common.is_ignored_due_to_verification_policies",
      "min_level": 2
    },
    {
      "path": "detect_secrets.filters.heuristic.is_indirect_reference"
    },
    {
      "path": "detect_secrets.filters.heuristic.is_likely_id_string"
    },
    {
      "path": "detect_secrets.filters.heuristic.is_lock_file"
    },
    {
      "path": "detect_secrets.filters.heuristic.is_not_alphanumeric_string"
    },
    {
      "path": "detect_secrets.filters.heuristic.is_potential_uuid"
    },
    {
      "path": "detect_secrets.filters.heuristic.is_prefixed_with_dollar_sign"
    },
    {
      "path": "detect_secrets.filters.heuristic.is_sequential_string"
    },
    {
      "path": "detect_secrets.filters.heuristic.is_swagger_file"
    },
    {
      "path": "detect_secrets.filters.heuristic.is_templated_secret"
    },
    {
      "path": "detect_secrets.filters.regex.should_exclude_file",
      "pattern": [
        "ci-artifacts/.*",
        "\\.secrets_scan\\..*",
        "Offline_Research/.*",
        "(^|/)\\.secrets\\.baseline$",
        "\\.ansible/collections/.*",
        "\\.ansible/galaxy_cache/.*",
        "\\.collections/.*",
        "projects/.*/\\.collections/.*",
        "dev_tools/ci/.*",
        "\\.git/.*",
        "inventory/group_vars/.*/secrets.*",
        "charts/.*/values.*\\.ya?ml",
        ".*\\.sops\\.ya?ml"
      ]
    }
  ],
  "results": {
    ".github/workflows/vault-secrets.yml": [
      {
        "type": "Secret Keyword",
        "filename": ".github/workflows/vault-secrets.yml",
        "hashed_secret": "09b9475759c61a4cc261b0eb9778687554c6c99c",
        "is_verified": false,
        "line_number": 29
      }
    ],
    "branch_templates/media_streaming_server.yml": [
      {
        "type": "Secret Keyword",
        "filename": "branch_templates/media_streaming_server.yml",
        "hashed_secret": "56f80d76662597b10c9a5f61299fd3e12768e798",
        "is_verified": false,
        "line_number": 131
      }
    ],
    "charts/security-stack/templates/secrets.yaml": [
      {
        "type": "Secret Keyword",
        "filename": "charts/security-stack/templates/secrets.yaml",
        "hashed_secret": "54053db99b49b4cc046f7b4854a80de3d6dfae71",
        "is_verified": false,
        "line_number": 11
      }
    ],
    "dev_tools/tools/style-guide-enforcement/enforce_style_guide.sh": [
      {
        "type": "Secret Keyword",
        "filename": "dev_tools/tools/style-guide-enforcement/enforce_style_guide.sh",
        "hashed_secret": "33777174ec52410965c876d337c80d8ac2bc5dbb",
        "is_verified": false,
        "line_number": 676
      }
    ],
    "docs/HELM_SECRETS.md": [
      {
        "type": "Secret Keyword",
        "filename": "docs/HELM_SECRETS.md",
        "hashed_secret": "a6778f1880744bd1a342a8e3789135412d8f9da2",
        "is_verified": false,
        "line_number": 86
      }
    ],
    "docs/deployment/DEPLOYMENT_STATUS.md": [
      {
        "type": "Secret Keyword",
        "filename": "docs/deployment/DEPLOYMENT_STATUS.md",
        "hashed_secret": "aba07161bde7bd382b9a19121ea7e9ff5155322e",
        "is_verified": false,
        "line_number": 41
      }
    ],
    "docs/development/IDEMPOTENCY_BLOCKERS.md": [
      {
        "type": "Secret Keyword",
        "filename": "docs/development/IDEMPOTENCY_BLOCKERS.md",
        "hashed_secret": "37d0f777d8f8169f5a899c9f90ba58535631ede7",
        "is_verified": false,
        "line_number": 275
      }
    ],
    "docs/development/STYLE_GUIDE.md": [
      {
        "type": "Secret Keyword",
        "filename": "docs/development/STYLE_GUIDE.md",
        "hashed_secret": "113ec1f1655795d9687aa3e011dece74c8232fc6",
        "is_verified": false,
        "line_number": 689
      }
    ],
    "docs/research/Style_Guide.md": [
      {
        "type": "Secret Keyword",
        "filename": "docs/research/Style_Guide.md",
        "hashed_secret": "113ec1f1655795d9687aa3e011dece74c8232fc6",
        "is_verified": false,
        "line_number": 643
      }
    ],
    "docs/research/molecule_documentation/ansible-native.md": [
      {
        "type": "Basic Auth Credentials",
        "filename": "docs/research/molecule_documentation/ansible-native.md",
        "hashed_secret": "a94a8fe5ccb19ba61c4c0873d391e987982fbbd3",
        "is_verified": false,
        "line_number": 551
      }
    ],
    "docs/research/molecule_documentation/ci.md": [
      {
        "type": "Basic Auth Credentials",
        "filename": "docs/research/molecule_documentation/ci.md",
        "hashed_secret": "ee977806d7286510da8b9a7492ba58e2484c0ecc",
        "is_verified": false,
        "line_number": 49
      }
    ],
    "inventory/group_vars/all/hardened_supply_chain.yml": [
      {
        "type": "Hex High Entropy String",
        "filename": "inventory/group_vars/all/hardened_supply_chain.yml",
        "hashed_secret": "4b80c4feb85c769be38da08bb7409d1d2a0734c1",
        "is_verified": false,
        "line_number": 31
      }
    ],
    "playbooks/preflight_validate.yml": [
      {
        "type": "Secret Keyword",
        "filename": "playbooks/preflight_validate.yml",
        "hashed_secret": "bee5f5c33e5e060c8aa80589ca0d1d3005c66116",
        "is_verified": false,
        "line_number": 38
      }
    ],
    "projects/deploy-system-unified/roles/containers/caddy/molecule/negative/converge.yml": [
      {
        "type": "Secret Keyword",
        "filename": "projects/deploy-system-unified/roles/containers/caddy/molecule/negative/converge.yml",
        "hashed_secret": "83e600a92ef09a9c2d71e32ba83999fe072e9738",
        "is_verified": false,
        "line_number": 28
      },
      {
        "type": "Secret Keyword",
        "filename": "projects/deploy-system-unified/roles/containers/caddy/molecule/negative/converge.yml",
        "hashed_secret": "3138c56e157e89db11ae0d58bd13c3a1189cc258",
        "is_verified": false,
        "line_number": 39
      }
    ],
    "qwen_agents/README.md": [
      {
        "type": "Secret Keyword",
        "filename": "qwen_agents/README.md",
        "hashed_secret": "aecdccc1cf64595b34e0cc152d238daabb32183a",
        "is_verified": false,
        "line_number": 38
      }
    ],
    "roles/containers/authentik/defaults/main.yml": [
      {
        "type": "Secret Keyword",
        "filename": "roles/containers/authentik/defaults/main.yml",
        "hashed_secret": "37d0f777d8f8169f5a899c9f90ba58535631ede7",
        "is_verified": false,
        "line_number": 24
      },
      {
        "type": "Secret Keyword",
        "filename": "roles/containers/authentik/defaults/main.yml",
        "hashed_secret": "5baa61e4c9b93f3f0682250b6cf8331b7ee68fd8",
        "is_verified": false,
        "line_number": 33
      }
    ],
    "roles/containers/authentik/molecule/default/converge.yml": [
      {
        "type": "Secret Keyword",
        "filename": "roles/containers/authentik/molecule/default/converge.yml",
        "hashed_secret": "2ec49e283120f9d3240aff6a6708a4e6075db229",
        "is_verified": false,
        "line_number": 10
      },
      {
        "type": "Secret Keyword",
        "filename": "roles/containers/authentik/molecule/default/converge.yml",
        "hashed_secret": "05c6f31e7a71fa3a8760b481ad0ab96abd886eec",
        "is_verified": false,
        "line_number": 20
      }
    ],
    "roles/containers/authentik/molecule/negative/converge.yml": [
      {
        "type": "Secret Keyword",
        "filename": "roles/containers/authentik/molecule/negative/converge.yml",
        "hashed_secret": "b85c194893ad2fca94e6ef17399e904ec660fe08",
        "is_verified": false,
        "line_number": 29
      },
      {
        "type": "Secret Keyword",
        "filename": "roles/containers/authentik/molecule/negative/converge.yml",
        "hashed_secret": "981d5ed5fa7b920a686c2ebddf72e13f2c2b9784",
        "is_verified": false,
        "line_number": 41
      }
    ],
    "roles/containers/caddy/defaults/main.yml": [
      {
        "type": "Hex High Entropy String",
        "filename": "roles/containers/caddy/defaults/main.yml",
        "hashed_secret": "2229c7e276a1e24da47d6af87937278f7adbf583",
        "is_verified": false,
        "line_number": 36
      }
    ],
    "roles/containers/caddy/molecule/negative/converge.yml": [
      {
        "type": "Secret Keyword",
        "filename": "roles/containers/caddy/molecule/negative/converge.yml",
        "hashed_secret": "83e600a92ef09a9c2d71e32ba83999fe072e9738",
        "is_verified": false,
        "line_number": 28
      },
      {
        "type": "Secret Keyword",
        "filename": "roles/containers/caddy/molecule/negative/converge.yml",
        "hashed_secret": "3138c56e157e89db11ae0d58bd13c3a1189cc258",
        "is_verified": false,
        "line_number": 39
      }
    ],
    "roles/containers/caddy/molecule/negative/molecule_shared/caddy.env": [
      {
        "type": "Secret Keyword",
        "filename": "roles/containers/caddy/molecule/negative/molecule_shared/caddy.env",
        "hashed_secret": "bcb4a284be00b23cbe719ba45e4f0206a7e1ed10",
        "is_verified": false,
        "line_number": 1
      },
      {
        "type": "Secret Keyword",
        "filename": "roles/containers/caddy/molecule/negative/molecule_shared/caddy.env",
        "hashed_secret": "a343c9b5b1abfcf385d5c6f6dc0282f4d88a416e",
        "is_verified": false,
        "line_number": 2
      }
    ],
    "roles/containers/lxc/defaults/main.yml": [
      {
        "type": "Hex High Entropy String",
        "filename": "roles/containers/lxc/defaults/main.yml",
        "hashed_secret": "4b80c4feb85c769be38da08bb7409d1d2a0734c1",
        "is_verified": false,
        "line_number": 52
      }
    ],
    "roles/containers/monitoring/defaults/main.yml": [
      {
        "type": "Secret Keyword",
        "filename": "roles/containers/monitoring/defaults/main.yml",
        "hashed_secret": "c15700f7993a30b71f997b557fc5ad719c72f606",
        "is_verified": false,
        "line_number": 19
      }
    ],
    "roles/containers/monitoring/molecule/default/converge.yml": [
      {
        "type": "Secret Keyword",
        "filename": "roles/containers/monitoring/molecule/default/converge.yml",
        "hashed_secret": "61649617d039cde1c93012e71999455e17ac95a4",
        "is_verified": false,
        "line_number": 20
      },
      {
        "type": "Base64 High Entropy String",
        "filename": "roles/containers/monitoring/molecule/default/converge.yml",
        "hashed_secret": "c5e1fee702f0d4e3454ceef0e31bcbb6a607c09f",
        "is_verified": false,
        "line_number": 20
      }
    ],
    "roles/containers/ops/defaults/main.yml": [
      {
        "type": "Secret Keyword",
        "filename": "roles/containers/ops/defaults/main.yml",
        "hashed_secret": "32ef9e3e5156f80708f6d4a755a15a81b73775ca",
        "is_verified": false,
        "line_number": 51
      }
    ],
    "roles/containers/runtime/defaults/main.yml": [
      {
        "type": "Hex High Entropy String",
        "filename": "roles/containers/runtime/defaults/main.yml",
        "hashed_secret": "4b80c4feb85c769be38da08bb7409d1d2a0734c1",
        "is_verified": false,
        "line_number": 33
      }
    ],
    "roles/hardware/gpu/defaults/main.yml": [
      {
        "type": "Hex High Entropy String",
        "filename": "roles/hardware/gpu/defaults/main.yml",
        "hashed_secret": "4b80c4feb85c769be38da08bb7409d1d2a0734c1",
        "is_verified": false,
        "line_number": 43
      }
    ],
    "roles/security/access/tasks/main.yml": [
      {
        "type": "Secret Keyword",
        "filename": "roles/security/access/tasks/main.yml",
        "hashed_secret": "6b42874e3cd20771d93096ec5ce36307a1f2ba14",
        "is_verified": false,
        "line_number": 47
      },
      {
        "type": "Secret Keyword",
        "filename": "roles/security/access/tasks/main.yml",
        "hashed_secret": "9010fd9ef3ce50b1d897190013c7fa86ea3f8f6f",
        "is_verified": false,
        "line_number": 57
      },
      {
        "type": "Secret Keyword",
        "filename": "roles/security/access/tasks/main.yml",
        "hashed_secret": "6656018ac96d0295d887ff2893ba9af66ae16af2",
        "is_verified": false,
        "line_number": 66
      }
    ],
    "roles/storage/backup/restic/defaults/main.yml": [
      {
        "type": "Secret Keyword",
        "filename": "roles/storage/backup/restic/defaults/main.yml",
        "hashed_secret": "c15700f7993a30b71f997b557fc5ad719c72f606",
        "is_verified": false,
        "line_number": 12
      }
    ],
    "roles/storage/backup/restic/molecule/default/converge.yml": [
      {
        "type": "Secret Keyword",
        "filename": "roles/storage/backup/restic/molecule/default/converge.yml",
        "hashed_secret": "a761ce3a45d97e41840a788495e85a70d1bb3815",
        "is_verified": false,
        "line_number": 8
      }
    ],
    "roles/storage/backup/restic/readme.md": [
      {
        "type": "Secret Keyword",
        "filename": "roles/storage/backup/restic/readme.md",
        "hashed_secret": "dd606cd49bbbd06b4c2606fc2449f8fb87975786",
        "is_verified": false,
        "line_number": 58
      }
    ],
    "venv/lib/python3.14/site-packages/detect_secrets-1.5.0.dist-info/entry_points.txt": [
      {
        "type": "Secret Keyword",
        "filename": "venv/lib/python3.14/site-packages/detect_secrets-1.5.0.dist-info/entry_points.txt",
        "hashed_secret": "a55cc495941ba0f382d3090386f5e07e63ef423d",
        "is_verified": false,
        "line_number": 2
      }
    ],
    "venv/lib/python3.14/site-packages/detect_secrets/core/potential_secret.py": [
      {
        "type": "Secret Keyword",
        "filename": "venv/lib/python3.14/site-packages/detect_secrets/core/potential_secret.py",
        "hashed_secret": "522bb49471c191584acd7dc2ceb42c03ca384a56",
        "is_verified": false,
        "line_number": 80
      }
    ],
    "venv/lib/python3.14/site-packages/detect_secrets/main.py": [
      {
        "type": "Secret Keyword",
        "filename": "venv/lib/python3.14/site-packages/detect_secrets/main.py",
        "hashed_secret": "97cdbdc7feff827efb082a6b6dd2727237cd49fd",
        "is_verified": false,
        "line_number": 96
      }
    ],
    "venv/lib/python3.14/site-packages/detect_secrets/plugins/artifactory.py": [
      {
        "type": "Secret Keyword",
        "filename": "venv/lib/python3.14/site-packages/detect_secrets/plugins/artifactory.py",
        "hashed_secret": "4825f8a411ba7cf9879a5f20331cab599299461a",
        "is_verified": false,
        "line_number": 8
      }
    ],
    "venv/lib/python3.14/site-packages/detect_secrets/plugins/aws.py": [
      {
        "type": "Secret Keyword",
        "filename": "venv/lib/python3.14/site-packages/detect_secrets/plugins/aws.py",
        "hashed_secret": "f2c45c60a2b1d2e8be265ff4b81faff4b90ac37d",
        "is_verified": false,
        "line_number": 23
      }
    ],
    "venv/lib/python3.14/site-packages/detect_secrets/plugins/azure_storage_key.py": [
      {
        "type": "Secret Keyword",
        "filename": "venv/lib/python3.14/site-packages/detect_secrets/plugins/azure_storage_key.py",
        "hashed_secret": "b80344e49f04ffacb0e65b37348bf05cf6435d28",
        "is_verified": false,
        "line_number": 11
      }
    ],
    "venv/lib/python3.14/site-packages/detect_secrets/plugins/base.py": [
      {
        "type": "Secret Keyword",
        "filename": "venv/lib/python3.14/site-packages/detect_secrets/plugins/base.py",
        "hashed_secret": "0beec7b5ea3f0fdbc95d0dd47f3c5bc275da8a33",
        "is_verified": false,
        "line_number": 156
      }
    ],
    "venv/lib/python3.14/site-packages/detect_secrets/plugins/basic_auth.py": [
      {
        "type": "Secret Keyword",
        "filename": "venv/lib/python3.14/site-packages/detect_secrets/plugins/basic_auth.py",
        "hashed_secret": "37b12e79df06e491c18cfe099eaf8aca6eae297c",
        "is_verified": false,
        "line_number": 17
      }
    ],
    "venv/lib/python3.14/site-packages/detect_secrets/plugins/cloudant.py": [
      {
        "type": "Secret Keyword",
        "filename": "venv/lib/python3.14/site-packages/detect_secrets/plugins/cloudant.py",
        "hashed_secret": "4010fd1234708a61d161d124b0cd8e0a79e9786a",
        "is_verified": false,
        "line_number": 14
      }
    ],
    "venv/lib/python3.14/site-packages/detect_secrets/plugins/discord.py": [
      {
        "type": "Secret Keyword",
        "filename": "venv/lib/python3.14/site-packages/detect_secrets/plugins/discord.py",
        "hashed_secret": "80e2bc3729001eef2f5b8e6bdf1632ed394aa8af",
        "is_verified": false,
        "line_number": 11
      }
    ],
    "venv/lib/python3.14/site-packages/detect_secrets/plugins/github_token.py": [
      {
        "type": "Secret Keyword",
        "filename": "venv/lib/python3.14/site-packages/detect_secrets/plugins/github_token.py",
        "hashed_secret": "677cedf7877737a2cb84fa055fb71200a93bd9ad",
        "is_verified": false,
        "line_number": 11
      }
    ],
    "venv/lib/python3.14/site-packages/detect_secrets/plugins/gitlab_token.py": [
      {
        "type": "Secret Keyword",
        "filename": "venv/lib/python3.14/site-packages/detect_secrets/plugins/gitlab_token.py",
        "hashed_secret": "ff9238b5782acd2176d54becea530127aeb3d8fe",
        "is_verified": false,
        "line_number": 12
      }
    ],
    "venv/lib/python3.14/site-packages/detect_secrets/plugins/high_entropy_strings.py": [
      {
        "type": "Secret Keyword",
        "filename": "venv/lib/python3.14/site-packages/detect_secrets/plugins/high_entropy_strings.py",
        "hashed_secret": "6fe31bb7eab1420120775f24ab313c585e5a0115",
        "is_verified": false,
        "line_number": 142
      },
      {
        "type": "Secret Keyword",
        "filename": "venv/lib/python3.14/site-packages/detect_secrets/plugins/high_entropy_strings.py",
        "hashed_secret": "2fd896385ddd0129c48bc014dc662af63082d200",
        "is_verified": false,
        "line_number": 160
      }
    ],
    "venv/lib/python3.14/site-packages/detect_secrets/plugins/ibm_cloud_iam.py": [
      {
        "type": "Secret Keyword",
        "filename": "venv/lib/python3.14/site-packages/detect_secrets/plugins/ibm_cloud_iam.py",
        "hashed_secret": "bc5d769a55d08aa6f3ed3f167c058ec35376fec0",
        "is_verified": false,
        "line_number": 12
      }
    ],
    "venv/lib/python3.14/site-packages/detect_secrets/plugins/ibm_cos_hmac.py": [
      {
        "type": "Secret Keyword",
        "filename": "venv/lib/python3.14/site-packages/detect_secrets/plugins/ibm_cos_hmac.py",
        "hashed_secret": "5ac3c034e6f3a896546359d21cb309575717f05b",
        "is_verified": false,
        "line_number": 21
      }
    ],
    "venv/lib/python3.14/site-packages/detect_secrets/plugins/ip_public.py": [
      {
        "type": "Secret Keyword",
        "filename": "venv/lib/python3.14/site-packages/detect_secrets/plugins/ip_public.py",
        "hashed_secret": "0b1f769a9e28e054d7df348c98b0cba1917febb4",
        "is_verified": false,
        "line_number": 19
      }
    ],
    "venv/lib/python3.14/site-packages/detect_secrets/plugins/jwt.py": [
      {
        "type": "Secret Keyword",
        "filename": "venv/lib/python3.14/site-packages/detect_secrets/plugins/jwt.py",
        "hashed_secret": "932ca321c659a3b97ee2611d4c44ec5f65e2aa9c",
        "is_verified": false,
        "line_number": 14
      }
    ],
    "venv/lib/python3.14/site-packages/detect_secrets/plugins/keyword.py": [
      {
        "type": "Secret Keyword",
        "filename": "venv/lib/python3.14/site-packages/detect_secrets/plugins/keyword.py",
        "hashed_secret": "f32b67c7e26342af42efabc674d441dca0a281c5",
        "is_verified": false,
        "line_number": 67
      },
      {
        "type": "Secret Keyword",
        "filename": "venv/lib/python3.14/site-packages/detect_secrets/plugins/keyword.py",
        "hashed_secret": "0beec7b5ea3f0fdbc95d0dd47f3c5bc275da8a33",
        "is_verified": false,
        "line_number": 122
      },
      {
        "type": "Secret Keyword",
        "filename": "venv/lib/python3.14/site-packages/detect_secrets/plugins/keyword.py",
        "hashed_secret": "62cdb7020ff920e5aa642c3d4066950dd1f01f4d",
        "is_verified": false,
        "line_number": 133
      },
      {
        "type": "Secret Keyword",
        "filename": "venv/lib/python3.14/site-packages/detect_secrets/plugins/keyword.py",
        "hashed_secret": "1af17e73721dbe0c40011b82ed4bb1a7dbe3ce29",
        "is_verified": false,
        "line_number": 196
      },
      {
        "type": "Secret Keyword",
        "filename": "venv/lib/python3.14/site-packages/detect_secrets/plugins/keyword.py",
        "hashed_secret": "f9b72e805000a5ea310939e167b6b1c2888125f7",
        "is_verified": false,
        "line_number": 269
      }
    ],
    "venv/lib/python3.14/site-packages/detect_secrets/plugins/mailchimp.py": [
      {
        "type": "Secret Keyword",
        "filename": "venv/lib/python3.14/site-packages/detect_secrets/plugins/mailchimp.py",
        "hashed_secret": "35903c2a33d34d4cd19835ee9493a65fc1a7e4bc",
        "is_verified": false,
        "line_number": 15
      }
    ],
    "venv/lib/python3.14/site-packages/detect_secrets/plugins/npm.py": [
      {
        "type": "Secret Keyword",
        "filename": "venv/lib/python3.14/site-packages/detect_secrets/plugins/npm.py",
        "hashed_secret": "91f845de51016327363f57d22da2466cbc652314",
        "is_verified": false,
        "line_number": 11
      }
    ],
    "venv/lib/python3.14/site-packages/detect_secrets/plugins/openai.py": [
      {
        "type": "Secret Keyword",
        "filename": "venv/lib/python3.14/site-packages/detect_secrets/plugins/openai.py",
        "hashed_secret": "660b79d7d79f4aaa174580076ef6e079b8a81914",
        "is_verified": false,
        "line_number": 11
      }
    ],
    "venv/lib/python3.14/site-packages/detect_secrets/plugins/private_key.py": [
      {
        "type": "Secret Keyword",
        "filename": "venv/lib/python3.14/site-packages/detect_secrets/plugins/private_key.py",
        "hashed_secret": "ade5ddaf2557ee93225fc565adbfe1ade3bae3a0",
        "is_verified": false,
        "line_number": 40
      },
      {
        "type": "Private Key",
        "filename": "venv/lib/python3.14/site-packages/detect_secrets/plugins/private_key.py",
        "hashed_secret": "daefe0b4345a654580dcad25c7c11ff4c944a8c0",
        "is_verified": false,
        "line_number": 45
      },
      {
        "type": "Private Key",
        "filename": "venv/lib/python3.14/site-packages/detect_secrets/plugins/private_key.py",
        "hashed_secret": "f0778f3e140a61d5bbbed5430773e52af2f5fba4",
        "is_verified": false,
        "line_number": 46
      },
      {
        "type": "Private Key",
        "filename": "venv/lib/python3.14/site-packages/detect_secrets/plugins/private_key.py",
        "hashed_secret": "27c6929aef41ae2bcadac15ca6abcaff72cda9cd",
        "is_verified": false,
        "line_number": 47
      },
      {
        "type": "Private Key",
        "filename": "venv/lib/python3.14/site-packages/detect_secrets/plugins/private_key.py",
        "hashed_secret": "4ada9713ec27066b2ffe0b7bd9c9c8d635dc4ab2",
        "is_verified": false,
        "line_number": 48
      },
      {
        "type": "Private Key",
        "filename": "venv/lib/python3.14/site-packages/detect_secrets/plugins/private_key.py",
        "hashed_secret": "1348b145fa1a555461c1b790a2f66614781091e9",
        "is_verified": false,
        "line_number": 49
      },
      {
        "type": "Private Key",
        "filename": "venv/lib/python3.14/site-packages/detect_secrets/plugins/private_key.py",
        "hashed_secret": "be4fc4886bd949b369d5e092eb87494f12e57e5b",
        "is_verified": false,
        "line_number": 50
      },
      {
        "type": "Private Key",
        "filename": "venv/lib/python3.14/site-packages/detect_secrets/plugins/private_key.py",
        "hashed_secret": "9279619d0c9a9529b0b223e3b809f4df24b8ba8b",
        "is_verified": false,
        "line_number": 51
      },
      {
        "type": "Private Key",
        "filename": "venv/lib/python3.14/site-packages/detect_secrets/plugins/private_key.py",
        "hashed_secret": "11200d1bf5e1eb358b5d823c443347d97e982a85",
        "is_verified": false,
        "line_number": 52
      }
    ],
    "venv/lib/python3.14/site-packages/detect_secrets/plugins/pypi_token.py": [
      {
        "type": "Secret Keyword",
        "filename": "venv/lib/python3.14/site-packages/detect_secrets/plugins/pypi_token.py",
        "hashed_secret": "9b42f32269056810ecc07889f4bc0f2f20afd427",
        "is_verified": false,
        "line_number": 11
      }
    ],
    "venv/lib/python3.14/site-packages/detect_secrets/plugins/sendgrid.py": [
      {
        "type": "Secret Keyword",
        "filename": "venv/lib/python3.14/site-packages/detect_secrets/plugins/sendgrid.py",
        "hashed_secret": "2c59a4461d825cb06039b5b4d3edf6b83dfac044",
        "is_verified": false,
        "line_number": 11
      }
    ],
    "venv/lib/python3.14/site-packages/detect_secrets/plugins/slack.py": [
      {
        "type": "Secret Keyword",
        "filename": "venv/lib/python3.14/site-packages/detect_secrets/plugins/slack.py",
        "hashed_secret": "f53d14b97c7cdfa2eaac4b240c8ff4876a47640a",
        "is_verified": false,
        "line_number": 17
      }
    ],
    "venv/lib/python3.14/site-packages/detect_secrets/plugins/softlayer.py": [
      {
        "type": "Secret Keyword",
        "filename": "venv/lib/python3.14/site-packages/detect_secrets/plugins/softlayer.py",
        "hashed_secret": "d5d8ace6d124d2522a81bfae43b01b5c905dc2b8",
        "is_verified": false,
        "line_number": 14
      }
    ],
    "venv/lib/python3.14/site-packages/detect_secrets/plugins/square_oauth.py": [
      {
        "type": "Secret Keyword",
        "filename": "venv/lib/python3.14/site-packages/detect_secrets/plugins/square_oauth.py",
        "hashed_secret": "cc357703e7cb9f49dabce90321937ace687b20f0",
        "is_verified": false,
        "line_number": 8
      }
    ],
    "venv/lib/python3.14/site-packages/detect_secrets/plugins/stripe.py": [
      {
        "type": "Secret Keyword",
        "filename": "venv/lib/python3.14/site-packages/detect_secrets/plugins/stripe.py",
        "hashed_secret": "b4685568c7c8d5d49451a187014711ebc75f70af",
        "is_verified": false,
        "line_number": 12
      }
    ],
    "venv/lib/python3.14/site-packages/detect_secrets/plugins/telegram_token.py": [
      {
        "type": "Secret Keyword",
        "filename": "venv/lib/python3.14/site-packages/detect_secrets/plugins/telegram_token.py",
        "hashed_secret": "abfd5b9f85b54e77c61438784d766292e3a7f46b",
        "is_verified": false,
        "line_number": 14
      }
    ],
    "venv/lib/python3.14/site-packages/detect_secrets/plugins/twilio.py": [
      {
        "type": "Secret Keyword",
        "filename": "venv/lib/python3.14/site-packages/detect_secrets/plugins/twilio.py",
        "hashed_secret": "688ecd55118006d5bad4cd43f4a26a98a06bec19",
        "is_verified": false,
        "line_number": 11
      },
      {
        "type": "Twilio API Key",
        "filename": "venv/lib/python3.14/site-packages/detect_secrets/plugins/twilio.py",
        "hashed_secret": "3c7206eff845bc69cf12d904d0f95f9aec15535e",
        "is_verified": false,
        "line_number": 14
      },
      {
        "type": "Twilio API Key",
        "filename": "venv/lib/python3.14/site-packages/detect_secrets/plugins/twilio.py",
        "hashed_secret": "34c2246140bc39b1fce81d9be2124f713a06bdaf",
        "is_verified": false,
        "line_number": 17
      }
    ],
    "venv/lib/python3.14/site-packages/pip/_vendor/urllib3/util/url.py": [
      {
        "type": "Basic Auth Credentials",
        "filename": "venv/lib/python3.14/site-packages/pip/_vendor/urllib3/util/url.py",
        "hashed_secret": "5baa61e4c9b93f3f0682250b6cf8331b7ee68fd8",
        "is_verified": false,
        "line_number": 148
      }
    ],
    "venv/lib/python3.14/site-packages/urllib3/util/url.py": [
      {
        "type": "Basic Auth Credentials",
        "filename": "venv/lib/python3.14/site-packages/urllib3/util/url.py",
        "hashed_secret": "5baa61e4c9b93f3f0682250b6cf8331b7ee68fd8",
        "is_verified": false,
        "line_number": 186
      }
    ],
    "wiki_pages/DEPLOYMENT_STATUS.md": [
      {
        "type": "Secret Keyword",
        "filename": "wiki_pages/DEPLOYMENT_STATUS.md",
        "hashed_secret": "aba07161bde7bd382b9a19121ea7e9ff5155322e",
        "is_verified": false,
        "line_number": 41
      }
    ],
    "wiki_pages/SECRETS_MANAGEMENT.md": [
      {
        "type": "Secret Keyword",
        "filename": "wiki_pages/SECRETS_MANAGEMENT.md",
        "hashed_secret": "d3912fa5639a37367c15814367069fe7798cfaf6",
        "is_verified": false,
        "line_number": 81
      }
    ],
    "REPO_SECURITY_CHECKLIST.md": [
      {
        "type": "Private Key",
        "filename": "REPO_SECURITY_CHECKLIST.md",
        "hashed_secret": "be4fc4886bd949b369d5e092eb87494f12e57e5b",
        "is_verified": false,
        "line_number": 1
      }
    ],
    "docs/deployment/SOPS_MIGRATION_GUIDE.md": [
      {
        "type": "Secret Keyword",
        "filename": "docs/deployment/SOPS_MIGRATION_GUIDE.md",
        "hashed_secret": "a64c89f2592b4dcccad86640cb7e063cc91e171e",
        "is_verified": false,
        "line_number": 1
      },
      {
        "type": "Secret Keyword",
        "filename": "docs/deployment/SOPS_MIGRATION_GUIDE.md",
        "hashed_secret": "cd736552cc1f678881b272ad321f832f71005d95",
        "is_verified": false,
        "line_number": 1
      }
    ],
    "roles/containers/caddy/vars/main.yml": [
      {
        "type": "Hex High Entropy String",
        "filename": "roles/containers/caddy/vars/main.yml",
        "hashed_secret": "2229c7e276a1e24da47d6af87937278f7adbf583",
        "is_verified": false,
        "line_number": 1
      }
    ],
    "roles/containers/config/vars/main.yml": [
      {
        "type": "Secret Keyword",
        "filename": "roles/containers/config/vars/main.yml",
        "hashed_secret": "971c419dd609331343dee105fffd0f4608dc0bf2",
        "is_verified": false,
        "line_number": 1
      }
    ],
    "roles/core/secrets/vars/main.yml": [
      {
        "type": "Secret Keyword",
        "filename": "roles/core/secrets/vars/main.yml",
        "hashed_secret": "dc76e9f0c0006e8f919e0c515c66dbba3982f785",
        "is_verified": false,
        "line_number": 1
      }
    ],
    "roles/kubernetes/ingress/defaults/main.yml": [
      {
        "type": "Secret Keyword",
        "filename": "roles/kubernetes/ingress/defaults/main.yml",
        "hashed_secret": "7da43cebe5c34aed75f8516aa8dffbdd3642143d",
        "is_verified": false,
        "line_number": 1
      }
    ],
    "roles/kubernetes/ingress/tasks/configure_tls.yml": [
      {
        "type": "Base64 High Entropy String",
        "filename": "roles/kubernetes/ingress/tasks/configure_tls.yml",
        "hashed_secret": "c4fc5fb68ad5b2f930be1e2eb5098292fbcf1eec",
        "is_verified": false,
        "line_number": 1
      }
    ],
    "roles/kubernetes/ingress/vars/main.yml": [
      {
        "type": "Secret Keyword",
        "filename": "roles/kubernetes/ingress/vars/main.yml",
        "hashed_secret": "7da43cebe5c34aed75f8516aa8dffbdd3642143d",
        "is_verified": false,
        "line_number": 1
      }
    ],
    "roles/security/vault_integration/defaults/main.yml": [
      {
        "type": "Secret Keyword",
        "filename": "roles/security/vault_integration/defaults/main.yml",
        "hashed_secret": "43636d32859c8fac9f39a2a3a1e7ee7c349b5656",
        "is_verified": false,
        "line_number": 1
      },
      {
        "type": "Secret Keyword",
        "filename": "roles/security/vault_integration/defaults/main.yml",
        "hashed_secret": "e5e9fa1ba31ecd1ae84f75caaa474f3a663f05f4",
        "is_verified": false,
        "line_number": 1
      }
    ],
    "roles/security/vault_integration/tests/test_vault.py": [
      {
        "type": "Secret Keyword",
        "filename": "roles/security/vault_integration/tests/test_vault.py",
        "hashed_secret": "5ffe533b830f08a0326348a9160afafc8ada44db",
        "is_verified": false,
        "line_number": 1
      }
    ]
  },
  "generated_at": "2026-02-22T17:47:36Z"
}